Flow report for tripleDES
Tue May 19 09:47:23 2026
Quartus II 64-Bit Version 13.0.1 Build 232 06/12/2013 Service Pack 1 SJ Web Edition


---------------------
; Table of Contents ;
---------------------
  1. Legal Notice
  2. Flow Summary
  3. Flow Settings
  4. Flow Non-Default Global Settings
  5. Flow Elapsed Time
  6. Flow OS Summary
  7. Flow Log
  8. Flow Messages
  9. Flow Suppressed Messages



----------------
; Legal Notice ;
----------------
Copyright (C) 1991-2013 Altera Corporation
Your use of Altera Corporation's design tools, logic functions 
and other software and tools, and its AMPP partner logic 
functions, and any output files from any of the foregoing 
(including device programming or simulation files), and any 
associated documentation or information are expressly subject 
to the terms and conditions of the Altera Program License 
Subscription Agreement, Altera MegaCore Function License 
Agreement, or other applicable license agreement, including, 
without limitation, that your use is for the sole purpose of 
programming logic devices manufactured by Altera and sold by 
Altera or its authorized distributors.  Please refer to the 
applicable agreement for further details.



+--------------------------------------------------------------------------------------+
; Flow Summary                                                                         ;
+------------------------------------+-------------------------------------------------+
; Flow Status                        ; Successful - Tue May 19 09:47:23 2026           ;
; Quartus II 64-Bit Version          ; 13.0.1 Build 232 06/12/2013 SP 1 SJ Web Edition ;
; Revision Name                      ; tripleDES                                       ;
; Top-level Entity Name              ; des_encrypt                                     ;
; Family                             ; Cyclone II                                      ;
; Device                             ; EP2C35F672C6                                    ;
; Timing Models                      ; Final                                           ;
; Total logic elements               ; 904 / 33,216 ( 3 % )                            ;
;     Total combinational functions  ; 831 / 33,216 ( 3 % )                            ;
;     Dedicated logic registers      ; 147 / 33,216 ( < 1 % )                          ;
; Total registers                    ; 147                                             ;
; Total pins                         ; 196 / 475 ( 41 % )                              ;
; Total virtual pins                 ; 0                                               ;
; Total memory bits                  ; 0 / 483,840 ( 0 % )                             ;
; Embedded Multiplier 9-bit elements ; 0 / 70 ( 0 % )                                  ;
; Total PLLs                         ; 0 / 4 ( 0 % )                                   ;
+------------------------------------+-------------------------------------------------+


+-----------------------------------------+
; Flow Settings                           ;
+-------------------+---------------------+
; Option            ; Setting             ;
+-------------------+---------------------+
; Start date & time ; 05/19/2026 09:46:56 ;
; Main task         ; Compilation         ;
; Revision Name     ; tripleDES           ;
+-------------------+---------------------+


+------------------------------------------------------------------------------------------------------------------------------+
; Flow Non-Default Global Settings                                                                                             ;
+--------------------------------------+---------------------------------------+---------------+-------------+-----------------+
; Assignment Name                      ; Value                                 ; Default Value ; Entity Name ; Section Id      ;
+--------------------------------------+---------------------------------------+---------------+-------------+-----------------+
; COMPILER_SIGNATURE_ID                ; 10995770589196.177915881612608        ; --            ; --          ; --              ;
; EDA_DESIGN_INSTANCE_NAME             ; NA                                    ; --            ; --          ; encrypt_tb      ;
; EDA_DESIGN_INSTANCE_NAME             ; NA                                    ; --            ; --          ; decrypt_tb      ;
; EDA_DESIGN_INSTANCE_NAME             ; NA                                    ; --            ; --          ; tdes_encrypt_tb ;
; EDA_DESIGN_INSTANCE_NAME             ; NA                                    ; --            ; --          ; tdes_decrypt_tb ;
; EDA_DESIGN_INSTANCE_NAME             ; NA                                    ; --            ; --          ; tripleDES_tb    ;
; EDA_NATIVELINK_SIMULATION_TEST_BENCH ; tripleDES_tb                          ; --            ; --          ; eda_simulation  ;
; EDA_OUTPUT_DATA_FORMAT               ; Vhdl                                  ; --            ; --          ; eda_simulation  ;
; EDA_SIMULATION_TOOL                  ; ModelSim-Altera (VHDL)                ; <None>        ; --          ; --              ;
; EDA_TEST_BENCH_ENABLE_STATUS         ; TEST_BENCH_MODE                       ; --            ; --          ; eda_simulation  ;
; EDA_TEST_BENCH_FILE                  ; encrypt_tb.v                          ; --            ; --          ; encrypt_tb      ;
; EDA_TEST_BENCH_FILE                  ; decrypt_tb.v                          ; --            ; --          ; decrypt_tb      ;
; EDA_TEST_BENCH_FILE                  ; tdes_encrypt_tb.v                     ; --            ; --          ; tdes_encrypt_tb ;
; EDA_TEST_BENCH_FILE                  ; tdes_decrypt_tb.v                     ; --            ; --          ; tdes_decrypt_tb ;
; EDA_TEST_BENCH_FILE                  ; tripleDES_tb.v                        ; --            ; --          ; tripleDES_tb    ;
; EDA_TEST_BENCH_MODULE_NAME           ; encrypt_tb                            ; --            ; --          ; encrypt_tb      ;
; EDA_TEST_BENCH_MODULE_NAME           ; decrypt_tb                            ; --            ; --          ; decrypt_tb      ;
; EDA_TEST_BENCH_MODULE_NAME           ; tdes_encrypt_tb                       ; --            ; --          ; tdes_encrypt_tb ;
; EDA_TEST_BENCH_MODULE_NAME           ; tdes_decrypt_tb                       ; --            ; --          ; tdes_decrypt_tb ;
; EDA_TEST_BENCH_MODULE_NAME           ; tripleDES_tb                          ; --            ; --          ; tripleDES_tb    ;
; EDA_TEST_BENCH_NAME                  ; encrypt_tb                            ; --            ; --          ; eda_simulation  ;
; EDA_TEST_BENCH_NAME                  ; decrypt_tb                            ; --            ; --          ; eda_simulation  ;
; EDA_TEST_BENCH_NAME                  ; tdes_encrypt_tb                       ; --            ; --          ; eda_simulation  ;
; EDA_TEST_BENCH_NAME                  ; tdes_decrypt_tb                       ; --            ; --          ; eda_simulation  ;
; EDA_TEST_BENCH_NAME                  ; tripleDES_tb                          ; --            ; --          ; eda_simulation  ;
; MAX_CORE_JUNCTION_TEMP               ; 85                                    ; --            ; --          ; --              ;
; MIN_CORE_JUNCTION_TEMP               ; 0                                     ; --            ; --          ; --              ;
; PARTITION_COLOR                      ; 16764057                              ; --            ; des_encrypt ; Top             ;
; PARTITION_FITTER_PRESERVATION_LEVEL  ; PLACEMENT_AND_ROUTING                 ; --            ; des_encrypt ; Top             ;
; PARTITION_NETLIST_TYPE               ; SOURCE                                ; --            ; des_encrypt ; Top             ;
; POWER_BOARD_THERMAL_MODEL            ; None (CONSERVATIVE)                   ; --            ; --          ; --              ;
; POWER_PRESET_COOLING_SOLUTION        ; 23 MM HEAT SINK WITH 200 LFPM AIRFLOW ; --            ; --          ; --              ;
; PROJECT_OUTPUT_DIRECTORY             ; output_files                          ; --            ; --          ; --              ;
; TOP_LEVEL_ENTITY                     ; des_encrypt                           ; tripleDES     ; --          ; --              ;
+--------------------------------------+---------------------------------------+---------------+-------------+-----------------+


+-------------------------------------------------------------------------------------------------------------------------------+
; Flow Elapsed Time                                                                                                             ;
+---------------------------+--------------+-------------------------+---------------------+------------------------------------+
; Module Name               ; Elapsed Time ; Average Processors Used ; Peak Virtual Memory ; Total CPU Time (on all processors) ;
+---------------------------+--------------+-------------------------+---------------------+------------------------------------+
; Analysis & Synthesis      ; 00:00:09     ; 1.0                     ; 4601 MB             ; 00:00:07                           ;
; Fitter                    ; 00:00:11     ; 1.0                     ; 4891 MB             ; 00:00:09                           ;
; Assembler                 ; 00:00:02     ; 1.0                     ; 4559 MB             ; 00:00:02                           ;
; TimeQuest Timing Analyzer ; 00:00:01     ; 1.0                     ; 4564 MB             ; 00:00:01                           ;
; EDA Netlist Writer        ; 00:00:01     ; 1.0                     ; 4527 MB             ; 00:00:01                           ;
; Total                     ; 00:00:24     ; --                      ; --                  ; 00:00:20                           ;
+---------------------------+--------------+-------------------------+---------------------+------------------------------------+


+----------------------------------------------------------------------------------------+
; Flow OS Summary                                                                        ;
+---------------------------+------------------+-----------+------------+----------------+
; Module Name               ; Machine Hostname ; OS Name   ; OS Version ; Processor type ;
+---------------------------+------------------+-----------+------------+----------------+
; Analysis & Synthesis      ; DESKTOP-VMB2UJC  ; Windows 7 ; 6.2        ; x86_64         ;
; Fitter                    ; DESKTOP-VMB2UJC  ; Windows 7 ; 6.2        ; x86_64         ;
; Assembler                 ; DESKTOP-VMB2UJC  ; Windows 7 ; 6.2        ; x86_64         ;
; TimeQuest Timing Analyzer ; DESKTOP-VMB2UJC  ; Windows 7 ; 6.2        ; x86_64         ;
; EDA Netlist Writer        ; DESKTOP-VMB2UJC  ; Windows 7 ; 6.2        ; x86_64         ;
+---------------------------+------------------+-----------+------------+----------------+


------------
; Flow Log ;
------------
quartus_map --read_settings_files=on --write_settings_files=off tripleDES -c tripleDES
quartus_fit --read_settings_files=off --write_settings_files=off tripleDES -c tripleDES
quartus_asm --read_settings_files=off --write_settings_files=off tripleDES -c tripleDES
quartus_sta tripleDES -c tripleDES
quartus_eda --read_settings_files=off --write_settings_files=off tripleDES -c tripleDES



